// Jest Snapshot v1, https://goo.gl/fbAQLP

exports[`Dashboard when loaded displays a report container 1`] = `
<div
  className="report__loading"
/>
`;

exports[`Dashboard when loading displays a loading sign 1`] = `
<div
  className="report__loading"
/>
`;
