// Jest Snapshot v1, https://goo.gl/fbAQLP

exports[`ReactContainer renders 1`] = `
<div
  className="report__loading"
/>
`;
